
> @thiepn/notes@0.0.0 lint
> eslint .


/home/runner/work/notes/notes/src/components/ui/useDialogFocusTrap.ts
  22:3  error  Error: Cannot access refs during render

React refs are values that are not needed for rendering. Refs should only be accessed outside of render, such as in event handlers or effects. Accessing a ref value (the `current` property) during render can cause your component not to update as expected (https://react.dev/reference/react/useRef).

/home/runner/work/notes/notes/src/components/ui/useDialogFocusTrap.ts:22:3
  20 | >(containerRef: RefObject<TContainer | null>, options: DialogFocusOptions<TInitial> = {}): void {
  21 |   const onEscapeRef = useRef(options.onEscape);
> 22 |   onEscapeRef.current = options.onEscape;
     |   ^^^^^^^^^^^^^^^^^^^ Cannot update ref during render
  23 |   const initialFocusRef = options.initialFocusRef;
  24 |
  25 |   useEffect(() => {  react-hooks/refs

/home/runner/work/notes/notes/src/features/notes/NotesWorkspace.tsx
  300:7  error  Error: Calling setState synchronously within an effect can trigger cascading renders

Effects are intended to synchronize state between React and external systems such as manually updating the DOM, state management libraries, or other platform APIs. In general, the body of an effect should do one or both of the following:
* Update external systems with the latest state from React.
* Subscribe for updates from some external system, calling setState in a callback function when external state changes.

Calling setState synchronously within an effect body causes cascading renders that can hurt performance, and is not recommended. (https://react.dev/learn/you-might-not-need-an-effect).

/home/runner/work/notes/notes/src/features/notes/NotesWorkspace.tsx:300:7
  298 |     if (!captureRequest || mode !== 'notes') return;
  299 |     if (captureRequest.kind === 'checklist') {
> 300 |       setTextCaptureRequestId(undefined);
      |       ^^^^^^^^^^^^^^^^^^^^^^^ Avoid calling setState() directly within an effect
  301 |       setChecklistCaptureOpen(true);
  302 |     } else {
  303 |       setChecklistCaptureOpen(false);  react-hooks/set-state-in-effect

/home/runner/work/notes/notes/src/features/storage/StorageHealthSettings.tsx
  20:10  error  Error: Calling setState synchronously within an effect can trigger cascading renders

Effects are intended to synchronize state between React and external systems such as manually updating the DOM, state management libraries, or other platform APIs. In general, the body of an effect should do one or both of the following:
* Update external systems with the latest state from React.
* Subscribe for updates from some external system, calling setState in a callback function when external state changes.

Calling setState synchronously within an effect body causes cascading renders that can hurt performance, and is not recommended. (https://react.dev/learn/you-might-not-need-an-effect).

/home/runner/work/notes/notes/src/features/storage/StorageHealthSettings.tsx:20:10
  18 |
  19 |   useEffect(() => {
> 20 |     void refresh();
     |          ^^^^^^^ Avoid calling setState() directly within an effect
  21 |   }, [refresh]);
  22 |
  23 |   const protect = async () => {  react-hooks/set-state-in-effect

✖ 3 problems (3 errors, 0 warnings)

