
> @thiepn/notes@0.0.0 test
> vitest run


[1m[30m[46m RUN [49m[39m[22m [36mv4.1.11 [39m[90m/home/runner/work/notes/notes[39m

 [32m✓[39m src/features/search/searchEngine.test.ts [2m([22m[2m12 tests[22m[2m)[22m[32m 19[2mms[22m[39m
 [32m✓[39m src/features/links/linkIntelligence.test.ts [2m([22m[2m7 tests[22m[2m)[22m[32m 17[2mms[22m[39m
 [31m❯[39m src/features/backup/backupFormat.test.ts [2m([22m[2m9 tests[22m[2m | [22m[31m1 failed[39m[2m)[22m[32m 51[2mms[22m[39m
     [32m✓[39m prepares every table, reminders included, and reconstructs attachment blobs losslessly[32m 17[2mms[22m[39m
[31m     [31m×[31m accepts a legacy V1 backup and upgrades it with an empty reminder table[39m[32m 18[2mms[22m[39m
     [32m✓[39m rejects a reminder that references a missing note[32m 5[2mms[22m[39m
     [32m✓[39m rejects more than one reminder for the same note[32m 2[2mms[22m[39m
     [32m✓[39m rejects attachment bytes that do not match the backup SHA-256[32m 1[2mms[22m[39m
     [32m✓[39m rejects dangling relationships before restore can begin[32m 1[2mms[22m[39m
     [32m✓[39m rejects duplicate semantic keys even when individual rows are valid[32m 2[2mms[22m[39m
     [32m✓[39m rejects duplicate checklist positions within one note[32m 1[2mms[22m[39m
     [32m✓[39m rejects a nested checklist item ordered before its parent[32m 1[2mms[22m[39m
 [32m✓[39m src/features/import/googleKeepImport.test.ts [2m([22m[2m10 tests[22m[2m)[22m[32m 60[2mms[22m[39m
 [32m✓[39m src/features/notes/checklistModel.test.ts [2m([22m[2m8 tests[22m[2m)[22m[32m 13[2mms[22m[39m
 [32m✓[39m src/features/backup/backupPresentation.test.ts [2m([22m[2m3 tests[22m[2m)[22m[32m 8[2mms[22m[39m
 [32m✓[39m src/features/reminders/reminderTime.test.ts [2m([22m[2m8 tests[22m[2m)[22m[32m 37[2mms[22m[39m
 [32m✓[39m src/features/notes/attachmentPresentation.test.ts [2m([22m[2m4 tests[22m[2m)[22m[32m 7[2mms[22m[39m
 [32m✓[39m src/db/repositories/revisionsRepository.test.ts [2m([22m[2m4 tests[22m[2m)[22m[32m 13[2mms[22m[39m
 [32m✓[39m src/features/search/searchScale.test.ts [2m([22m[2m1 test[22m[2m)[22m[32m 241[2mms[22m[39m
 [32m✓[39m src/features/richText/richText.test.ts [2m([22m[2m7 tests[22m[2m)[22m[32m 10[2mms[22m[39m
 [32m✓[39m src/features/privacy/privacy.test.ts [2m([22m[2m4 tests[22m[2m)[22m[32m 8[2mms[22m[39m
 [32m✓[39m src/features/notes/captureJournal.test.ts [2m([22m[2m4 tests[22m[2m)[22m[32m 8[2mms[22m[39m
 [32m✓[39m src/features/notes/editorJournal.test.ts [2m([22m[2m3 tests[22m[2m)[22m[32m 13[2mms[22m[39m
 [32m✓[39m src/theme/theme.test.ts [2m([22m[2m4 tests[22m[2m)[22m[32m 7[2mms[22m[39m
 [32m✓[39m src/features/voice/voiceRecording.test.ts [2m([22m[2m5 tests[22m[2m)[22m[32m 7[2mms[22m[39m
 [32m✓[39m src/features/ocr/ocr.test.ts [2m([22m[2m5 tests[22m[2m)[22m[32m 5[2mms[22m[39m
 [32m✓[39m src/features/notes/editorInsights.test.ts [2m([22m[2m3 tests[22m[2m)[22m[32m 10[2mms[22m[39m
 [32m✓[39m src/db/validation.test.ts [2m([22m[2m4 tests[22m[2m)[22m[32m 9[2mms[22m[39m
 [32m✓[39m src/features/storage/storageHealth.test.ts [2m([22m[2m2 tests[22m[2m)[22m[32m 10[2mms[22m[39m
 [32m✓[39m src/features/notes/viewMode.test.ts [2m([22m[2m3 tests[22m[2m)[22m[32m 5[2mms[22m[39m
 [32m✓[39m src/features/search/searchHistory.test.ts [2m([22m[2m2 tests[22m[2m)[22m[32m 4[2mms[22m[39m
 [32m✓[39m src/config/app.test.ts [2m([22m[2m2 tests[22m[2m)[22m[32m 4[2mms[22m[39m
 [32m✓[39m src/db/repositories/labelsRepository.test.ts [2m([22m[2m3 tests[22m[2m)[22m[32m 5[2mms[22m[39m
 [32m✓[39m src/features/organization/navigationStats.test.ts [2m([22m[2m2 tests[22m[2m)[22m[32m 7[2mms[22m[39m

[31m⎯⎯⎯⎯⎯⎯⎯[39m[1m[41m Failed Tests 1 [49m[22m[31m⎯⎯⎯⎯⎯⎯⎯[39m

[41m[1m FAIL [22m[49m src/features/backup/backupFormat.test.ts[2m > [22mbackup format[2m > [22maccepts a legacy V1 backup and upgrades it with an empty reminder table
[31m[1mAssertionError[22m: expected 3 to be 2 // Object.is equality[39m

[32m- Expected[39m
[31m+ Received[39m

[32m- 2[39m
[31m+ 3[39m

[36m [2m❯[22m src/features/backup/backupFormat.test.ts:[2m157:47[22m[39m
    [90m155|[39m     [35mconst[39m prepared [33m=[39m [35mawait[39m [34mprepareBackup[39m(legacy)[33m;[39m
    [90m156|[39m     [34mexpect[39m(prepared[33m.[39mdocument[33m.[39mformatVersion)[33m.[39m[34mtoBe[39m([34m2[39m)[33m;[39m
    [90m157|[39m     [34mexpect[39m(prepared[33m.[39mdocument[33m.[39mdatabaseVersion)[33m.[39m[34mtoBe[39m([34m2[39m)[33m;[39m
    [90m   |[39m                                               [31m^[39m
    [90m158|[39m     [34mexpect[39m(prepared[33m.[39mdocument[33m.[39mdata[33m.[39mreminders)[33m.[39m[34mtoEqual[39m([])[33m;[39m
    [90m159|[39m     [34mexpect[39m(prepared[33m.[39mstats[33m.[39mreminders)[33m.[39m[34mtoBe[39m([34m0[39m)[33m;[39m

[31m[2m⎯⎯⎯⎯⎯⎯⎯⎯⎯⎯⎯⎯⎯⎯⎯⎯⎯⎯⎯⎯⎯⎯⎯⎯[1/1]⎯[22m[39m


[2m Test Files [22m [1m[31m1 failed[39m[22m[2m | [22m[1m[32m24 passed[39m[22m[90m (25)[39m
[2m      Tests [22m [1m[31m1 failed[39m[22m[2m | [22m[1m[32m118 passed[39m[22m[90m (119)[39m
[2m   Start at [22m 08:40:28
[2m   Duration [22m 2.54s[2m (transform 813ms, setup 0ms, import 2.38s, tests 578ms, environment 8ms)[22m


::error file=/home/runner/work/notes/notes/src/features/backup/backupFormat.test.ts,title=src/features/backup/backupFormat.test.ts > backup format > accepts a legacy V1 backup and upgrades it with an empty reminder table,line=157,column=47::AssertionError: expected 3 to be 2 // Object.is equality%0A%0A- Expected%0A+ Received%0A%0A- 2%0A+ 3%0A%0A ❯ src/features/backup/backupFormat.test.ts:157:47%0A%0A
